pop3_nio.c:25:34: warning: ‘curr_origin_server’ initialized and declared ‘extern’
 extern struct server_credentials curr_origin_server = {
                                  ^~~~~~~~~~~~~~~~~~
pop3_nio.c: In function ‘attempt_connection’:
pop3_nio.c:650:39: warning: initialization discards ‘const’ qualifier from pointer target type [-Wdiscarded-qualifiers]
  int *fd                           =  d->origin_fd;
                                       ^
pop3_nio.c: In function ‘greeting_init’:
pop3_nio.c:799:25: warning: implicit declaration of function ‘pop3_singleline_response_parser_init’ [-Wimplicit-function-declaration]
  d->singleline_parser = pop3_singleline_response_parser_init();
                         ^~~~~~~~~~~~~~~~~~~~~~~~~~~~~~~~~~~~
pop3_nio.c:799:23: warning: assignment to ‘struct parser *’ from ‘int’ makes pointer from integer without a cast [-Wint-conversion]
  d->singleline_parser = pop3_singleline_response_parser_init();
                       ^
pop3_nio.c: In function ‘greeting_sread’:
pop3_nio.c:815:38: warning: implicit declaration of function ‘pop3_singleline_parser_consume’ [-Wimplicit-function-declaration]
   const struct parser_event* event = pop3_singleline_parser_consume(d->read_buffer, &d->singleline_parser, &error);
                                      ^~~~~~~~~~~~~~~~~~~~~~~~~~~~~~
pop3_nio.c:815:38: warning: initialization of ‘const struct parser_event *’ from ‘int’ makes pointer from integer without a cast [-Wint-conversion]
pop3_nio.c:816:6: warning: implicit declaration of function ‘pop3_singleline_parser_is_done’ [-Wimplicit-function-declaration]
   if(pop3_singleline_parser_is_done(event, &error)) {
      ^~~~~~~~~~~~~~~~~~~~~~~~~~~~~~
pop3_nio.c: In function ‘command_cread’:
pop3_nio.c:879:38: warning: initialization of ‘const struct parser_event *’ from ‘int’ makes pointer from integer without a cast [-Wint-conversion]
   const struct parser_event* event = pop3_singleline_parser_consume(d->read_buffer, &d->singleline_parser, &error);
                                      ^~~~~~~~~~~~~~~~~~~~~~~~~~~~~~
pop3_nio.c:880:6: warning: implicit declaration of function ‘pop3_command_parser_is_done’ [-Wimplicit-function-declaration]
   if(pop3_command_parser_is_done(event, &error)) {
      ^~~~~~~~~~~~~~~~~~~~~~~~~~~
pop3_nio.c: In function ‘response_sread’:
pop3_nio.c:934:38: warning: initialization of ‘const struct parser_event *’ from ‘int’ makes pointer from integer without a cast [-Wint-conversion]
   const struct parser_event* event = pop3_singleline_parser_consume(d->read_buffer, &d->singleline_parser, &error);
                                      ^~~~~~~~~~~~~~~~~~~~~~~~~~~~~~
/usr/bin/ld: /tmp/ccyalMHx.o: in function `pop3_commmand_parser_consume':
/home/paula/adaptando_nio_proxy/pop3_command_parser.c:320: undefined reference to `parser_consume'
/usr/bin/ld: /tmp/ccyalMHx.o: in function `pop3_command_parser_init':
/home/paula/adaptando_nio_proxy/pop3_command_parser.c:325: undefined reference to `parser_no_classes'
/usr/bin/ld: /home/paula/adaptando_nio_proxy/pop3_command_parser.c:325: undefined reference to `parser_init'
/usr/bin/ld: /tmp/ccyalMHx.o:(.data.rel.ro+0x20): undefined reference to `ignore'
/usr/bin/ld: /tmp/ccyalMHx.o:(.data.rel.ro+0x68): undefined reference to `ignore'
/usr/bin/ld: /tmp/ccyalMHx.o:(.data.rel.ro+0x80): undefined reference to `ignore'
/usr/bin/ld: /tmp/ccyalMHx.o:(.data.rel.ro+0x98): undefined reference to `ignore'
/usr/bin/ld: /tmp/cckZbUjK.o: in function `pop3_singleline_parser_consume':
/home/paula/adaptando_nio_proxy/pop3_singleline_response_parser.c:417: undefined reference to `parser_consume'
/usr/bin/ld: /tmp/cckZbUjK.o: in function `pop3_singleline_response_parser_init':
/home/paula/adaptando_nio_proxy/pop3_singleline_response_parser.c:422: undefined reference to `parser_no_classes'
/usr/bin/ld: /home/paula/adaptando_nio_proxy/pop3_singleline_response_parser.c:422: undefined reference to `parser_init'
/usr/bin/ld: /tmp/cckZbUjK.o:(.data.rel.ro+0x38): undefined reference to `trap'
/usr/bin/ld: /tmp/cckZbUjK.o:(.data.rel.ro+0x68): undefined reference to `ignore'
/usr/bin/ld: /tmp/cckZbUjK.o:(.data.rel.ro+0x80): undefined reference to `ignore'
/usr/bin/ld: /tmp/cckZbUjK.o:(.data.rel.ro+0xa8): undefined reference to `ignore'
/usr/bin/ld: /tmp/cckZbUjK.o:(.data.rel.ro+0xc0): undefined reference to `ignore'
/usr/bin/ld: /tmp/cckZbUjK.o:(.data.rel.ro+0xe8): undefined reference to `ignore'
/usr/bin/ld: /tmp/cckZbUjK.o:(.data.rel.ro+0x100): more undefined references to `ignore' follow
/usr/bin/ld: /tmp/cctGhKZW.o: in function `pop3_multiline_response_parser_init':
/home/paula/adaptando_nio_proxy/pop3_multiline_response_parser.c:336: undefined reference to `parser_no_classes'
/usr/bin/ld: /home/paula/adaptando_nio_proxy/pop3_multiline_response_parser.c:336: undefined reference to `parser_init'
/usr/bin/ld: /tmp/cctGhKZW.o:(.data.rel.ro+0x8): undefined reference to `ignore'
collect2: error: ld returned 1 exit status
make: *** [Makefile:2: all] Error 1
